{
  "ast": {
    "statements": [
      {
        "id": "bad",
        "params": {
          "class": "UDE"
        },
        "text": "Bad user experience",
        "type": "node"
      },
      {
        "id": "cluttered",
        "params": {
          "class": "UDE"
        },
        "text": "Cluttered interface",
        "type": "node"
      },
      {
        "fromIds": [
          "cluttered"
        ],
        "toId": "bad",
        "type": "edge"
      },
      {
        "id": "ux",
        "params": {},
        "text": "Low investment in UX design",
        "type": "node"
      },
      {
        "id": "features",
        "params": {},
        "text": "Many features added",
        "type": "node"
      },
      {
        "fromIds": [
          "ux",
          "features"
        ],
        "toId": "cluttered",
        "type": "edge"
      }
    ]
  },
  "semantics": {
    "edges": [
      {
        "from": "cluttered",
        "to": "bad"
      },
      {
        "from": "ux_features_cause_cluttered",
        "to": "cluttered"
      },
      {
        "from": "ux",
        "to": "ux_features_cause_cluttered"
      },
      {
        "from": "features",
        "to": "ux_features_cause_cluttered"
      }
    ],
    "nodes": {
      "bad": {
        "annotation": "UDE",
        "key": "bad",
        "label": "Bad user experience"
      },
      "cluttered": {
        "annotation": "UDE",
        "key": "cluttered",
        "label": "Cluttered interface"
      },
      "features": {
        "key": "features",
        "label": "Many features added"
      },
      "ux": {
        "key": "ux",
        "label": "Low investment in UX design"
      },
      "ux_features_cause_cluttered": {
        "intermediate": true,
        "key": "ux_features_cause_cluttered",
        "label": "AND"
      }
    }
  }
}
