{
  "statements": [
    {
      "id": "UDE_b",
      "params": {},
      "text": "badness",
      "type": "node"
    },
    {
      "id": "c",
      "params": {},
      "text": "cause",
      "type": "node"
    },
    {
      "fromIds": [
        "c"
      ],
      "toId": "b",
      "type": "edge"
    }
  ]
}
