{
  "statements": [
    {
      "text": " This is a comment",
      "type": "comment"
    }
  ]
}
