{
  "statements": [
    {
      "id": "UDE_b",
      "params": {},
      "text": "badness",
      "type": "node"
    }
  ]
}
